[chamasoft.com/index.html]
[backblue.gif]
[fade.gif]
[index.html]
[chamasoft.com/templates/frontend_themes/startuply/img/logos/logo.png]
[chamasoft.com/templates/frontend_themes/startuply/img/apple-touch-icon.jpg]
[chamasoft.com/templates/frontend_themes/startuply/img/apple-touch-icon-72x72.jpg]
[chamasoft.com/templates/frontend_themes/startuply/img/apple-touch-icon-114x114.jpg]
[chamasoft.com/templates/frontend_themes/startuply/css/font-awesome.min.css]
[chamasoft.com/templates/frontend_themes/startuply/css/font-lineicons.css]
[chamasoft.com/templates/frontend_themes/startuply/css/bootstrap.min.css]
[chamasoft.com/templates/frontend_themes/startuply/css/animate.css]
[chamasoft.com/templates/frontend_themes/startuply/css/toastr.min.css]
[chamasoft.com/templates/frontend_themes/startuply/css/style.css]
[chamasoft.com/templates/frontend_themes/startuply/css/custom.css]
[chamasoft.com/login.html]
[chamasoft.com/templates/frontend_themes/startuply/img/chamasoft-app.png]
[chamasoft.com/signup.html]
[chamasoft.com/templates/frontend_themes/startuply/img/google-play-chamasoft-app.png]
[chamasoft.com/templates/frontend_themes/startuply/img/features/rich_features_3.png]
[chamasoft.com/templates/frontend_themes/startuply/img/features/phone.png]
[chamasoft.com/templates/frontend_themes/startuply/img/features/content_image1.png]
[chamasoft.com/templates/frontend_themes/startuply/img/features/chamasoft-report.png]
[chamasoft.com/templates/frontend_themes/startuply/img/features/rich_features_1.png]
[chamasoft.com/templates/frontend_themes/startuply/img/features/rich_features_2.png]
[chamasoft.com/templates/frontend_themes/startuply/img/logos/award-4.jpg]
[chamasoft.com/templates/frontend_themes/startuply/img/logos/award-3.jpg]
[chamasoft.com/templates/frontend_themes/startuply/img/logos/award-2.jpg]
[chamasoft.com/templates/frontend_themes/startuply/img/logos/award-1.jpg]
[chamasoft.com/templates/frontend_themes/startuply/img/logo.png]
[chamasoft.com/templates/frontend_themes/startuply/js/jquery-2.1.0.min68b3.js]
[chamasoft.com/templates/frontend_themes/startuply/js/jquery.flexslider-min.js]
[chamasoft.com/templates/frontend_themes/startuply/js/jquery.nav.js]
[chamasoft.com/templates/frontend_themes/startuply/js/bootstrap.min.js]
[chamasoft.com/templates/frontend_themes/startuply/js/jquery.appear.js]
[chamasoft.com/templates/frontend_themes/startuply/js/jquery.plugin.js]
[chamasoft.com/templates/frontend_themes/startuply/js/waypoints.min.js]
[chamasoft.com/templates/frontend_themes/startuply/js/jquery.countdown.js]
[chamasoft.com/templates/frontend_themes/startuply/js/waypoints-sticky.min.js]
[chamasoft.com/templates/frontend_themes/startuply/js/jquery.validate.js]
[chamasoft.com/templates/frontend_themes/startuply/js/toastr.min.js]
[chamasoft.com/templates/frontend_themes/startuply/js/headhesive.min.js]
[chamasoft.com/index.html]
[chamasoft.com/templates/frontend_themes/startuply/js/scripts.js]
[chamasoft.com/templates/frontend_themes/startuply/fonts/glyphicons-halflings-regular.html]
[chamasoft.com/templates/frontend_themes/startuply/fonts/glyphicons-halflings-regulard41d.html]
[chamasoft.com/templates/frontend_themes/startuply/fonts/glyphicons-halflings-regular-2.html]
[chamasoft.com/templates/frontend_themes/startuply/fonts/glyphicons-halflings-regular-3.html]
[chamasoft.com/templates/frontend_themes/startuply/fonts/glyphicons-halflings-regular-4.html]
[chamasoft.com/templates/frontend_themes/startuply/css/bootstrap.min.css]
[chamasoft.com/templates/frontend_themes/startuply/fonts/fontawesome-webfont862f.eot]
[chamasoft.com/templates/frontend_themes/startuply/fonts/fontawesome-webfontd41d.eot]
[chamasoft.com/templates/frontend_themes/startuply/fonts/fontawesome-webfont862f.woff]
[chamasoft.com/templates/frontend_themes/startuply/fonts/fontawesome-webfont862f.ttf]
[chamasoft.com/templates/frontend_themes/startuply/css/font-awesome.min.css]
[chamasoft.com/templates/frontend_themes/startuply/fonts/line-icons.eot]
[chamasoft.com/templates/frontend_themes/startuply/fonts/line-iconsd41d.eot]
[chamasoft.com/templates/frontend_themes/startuply/fonts/fontawesome-webfont862f.svg]
[chamasoft.com/templates/frontend_themes/startuply/fonts/line-icons.woff]
[chamasoft.com/templates/frontend_themes/startuply/fonts/line-icons.ttf]
[chamasoft.com/templates/frontend_themes/startuply/css/font-lineicons.css]
[chamasoft.com/templates/frontend_themes/startuply/css/animate.css]
[chamasoft.com/templates/frontend_themes/startuply/css/toastr.min.css]
[chamasoft.com/templates/frontend_themes/startuply/img/loading.gif]
[chamasoft.com/templates/frontend_themes/startuply/img/logo-inverted.png]
[chamasoft.com/templates/frontend_themes/startuply/img/magnify-cur.cur]
[chamasoft.com/templates/frontend_themes/startuply/img/magnify-cur.png]
[chamasoft.com/templates/frontend_themes/startuply/fonts/line-icons.svg]
[chamasoft.com/templates/frontend_themes/startuply/img/icon/quotes-a.png]
[chamasoft.com/templates/frontend_themes/startuply/img/icon/quotes-b.png]
[chamasoft.com/templates/frontend_themes/startuply/img/background/low_poly_background.jpg]
[chamasoft.com/templates/frontend_themes/startuply/img/background/smb_owner.jpg]
[chamasoft.com/templates/frontend_themes/startuply/img/logo-white.png]
[chamasoft.com/templates/frontend_themes/startuply/img/icon/quotes-a-white.png]
[chamasoft.com/templates/frontend_themes/startuply/css/style.css]
[chamasoft.com/templates/frontend_themes/startuply/img/icon/quotes-b-white.png]
[chamasoft.com/templates/frontend_themes/startuply/css/custom.css]
[chamasoft.com/uploads/logos/favicon1.png]
[chamasoft.com/templates/admin_themes/groups/css/global/plugins/font-awesome/css/font-awesome.min.css]
[chamasoft.com/templates/admin_themes/groups/css/global/plugins/simple-line-icons/simple-line-icons.min.css]
[chamasoft.com/templates/admin_themes/groups/css/global/plugins/bootstrap/css/bootstrap.min.css]
[chamasoft.com/templates/admin_themes/groups/css/global/plugins/uniform/css/uniform.default.css]
[chamasoft.com/templates/admin_themes/groups/css/global/plugins/bootstrap-datepicker/css/bootstrap-datepicker3.min.css]
[chamasoft.com/templates/admin_themes/groups/css/global/plugins/bootstrap-toastr/toastr.min.css]
[chamasoft.com/templates/admin_themes/groups/js/global/plugins/jquery.min.js]
[chamasoft.com/templates/admin_themes/groups/css/layouts/layout4/css/layout.min.css]
[chamasoft.com/templates/admin_themes/groups/css/layouts/layout4/css/themes/light.min.css]
[chamasoft.com/templates/admin_themes/groups/css/layouts/layout4/css/custom.min.css]
[chamasoft.com/templates/admin_themes/groups/css/global/plugins/select2/css/select2.min.css]
[chamasoft.com/templates/admin_themes/groups/css/global/plugins/select2/css/select2-bootstrap.min.css]
[chamasoft.com/templates/admin_themes/groups/css/apps/css/todo.min.css]
[chamasoft.com/templates/admin_themes/groups/css/global/css/components-md.min.css]
[chamasoft.com/templates/admin_themes/groups/css/custom.css]
[chamasoft.com/uploads/logos/logo_(1)4.png]
[chamasoft.com/uploads/logos/logo_(1)7.png]
[chamasoft.com/templates/admin_themes/groups/img/google-play-chamasoft-app.png]
[chamasoft.com/forgot_password.html]
[chamasoft.com/templates/admin_themes/groups/js/global/plugins/bootstrap/js/bootstrap.min.js]
[chamasoft.com/templates/admin_themes/groups/js/global/plugins/bootstrap-hover-dropdown/bootstrap-hover-dropdown.min.js]
[chamasoft.com/templates/admin_themes/groups/js/global/plugins/uniform/jquery.uniform.min.js]
[chamasoft.com/templates/admin_themes/groups/js/global/plugins/jquery.blockui.min.js]
[chamasoft.com/templates/admin_themes/groups/js/global/plugins/bootstrap-datepicker/js/bootstrap-datepicker.min.js]
[chamasoft.com/templates/admin_themes/groups/js/global/plugins/jquery.sparkline.min.js]
[chamasoft.com/templates/admin_themes/groups/js/global/scripts/app.min.js]
[chamasoft.com/templates/admin_themes/groups/js/global/plugins/select2/js/select2.full.min.js]
[chamasoft.com/templates/admin_themes/groups/js/pages/scripts/components-select2.min.js]
[chamasoft.com/templates/admin_themes/groups/js/pages/scripts/form-input-mask.js]
[chamasoft.com/templates/admin_themes/groups/js/global/plugins/counterup/jquery.waypoints.min.js]
[chamasoft.com/templates/admin_themes/groups/js/global/plugins/counterup/jquery.counterup.js]
[chamasoft.com/templates/admin_themes/groups/js/global/plugins/bootstrap-toastr/toastr.js]
[chamasoft.com/templates/admin_themes/groups/js/pages/scripts/ui-toastr.js]
[chamasoft.com/templates/admin_themes/groups/js/layouts/layout4/scripts/layout.min.js]
[chamasoft.com/login.html]
[chamasoft.com/signup.html]
[chamasoft.com/templates/frontend_themes/startuply/fonts/glyphicons-halflings-regular.html]
[chamasoft.com/templates/frontend_themes/startuply/fonts/glyphicons-halflings-regulard41d.html]
[chamasoft.com/templates/frontend_themes/startuply/fonts/glyphicons-halflings-regular-2.html]
[chamasoft.com/templates/frontend_themes/startuply/fonts/glyphicons-halflings-regular-3.html]
[chamasoft.com/templates/frontend_themes/startuply/fonts/glyphicons-halflings-regular-4.html]
[chamasoft.com/templates/frontend_themes/startuply/fonts/fontawesome-webfont862f.svg]
[chamasoft.com/templates/frontend_themes/startuply/fonts/line-icons.svg]
[chamasoft.com/templates/admin_themes/groups/css/global/plugins/font-awesome/fonts/fontawesome-webfont93e3.eot]
[chamasoft.com/templates/admin_themes/groups/css/global/plugins/font-awesome/fonts/fontawesome-webfontd41d.eot]
[chamasoft.com/templates/admin_themes/groups/css/global/plugins/font-awesome/fonts/fontawesome-webfont93e3.woff2]
[chamasoft.com/templates/admin_themes/groups/css/global/plugins/font-awesome/fonts/fontawesome-webfont93e3.woff]
[chamasoft.com/templates/admin_themes/groups/css/global/plugins/font-awesome/fonts/fontawesome-webfont93e3.ttf]
[chamasoft.com/templates/admin_themes/groups/js/global/plugins/jquery-inputmask/jquery.inputmask.bundle.js]
[chamasoft.com/templates/admin_themes/groups/css/global/plugins/font-awesome/css/font-awesome.min.css]
[chamasoft.com/templates/admin_themes/groups/css/global/plugins/simple-line-icons/fonts/Simple-Line-Icons.eot]
[chamasoft.com/templates/admin_themes/groups/css/global/plugins/simple-line-icons/fonts/Simple-Line-Iconsd41d.eot]
[chamasoft.com/templates/admin_themes/groups/css/global/plugins/simple-line-icons/fonts/Simple-Line-Icons.woff]
[chamasoft.com/templates/admin_themes/groups/css/global/plugins/font-awesome/fonts/fontawesome-webfont93e3.svg]
[chamasoft.com/templates/admin_themes/groups/css/global/plugins/simple-line-icons/fonts/Simple-Line-Icons.ttf]
[chamasoft.com/templates/admin_themes/groups/css/global/plugins/simple-line-icons/simple-line-icons.min.css]
[chamasoft.com/templates/admin_themes/groups/css/global/plugins/bootstrap/fonts/bootstrap/glyphicons-halflings-regular.eot]
[chamasoft.com/templates/admin_themes/groups/css/global/plugins/bootstrap/fonts/bootstrap/glyphicons-halflings-regulard41d.eot]
[chamasoft.com/templates/admin_themes/groups/css/global/plugins/bootstrap/fonts/bootstrap/glyphicons-halflings-regular.woff2]
[chamasoft.com/templates/admin_themes/groups/css/global/plugins/simple-line-icons/fonts/Simple-Line-Icons.svg]
[chamasoft.com/templates/admin_themes/groups/css/global/plugins/bootstrap/fonts/bootstrap/glyphicons-halflings-regular.woff]
[chamasoft.com/templates/admin_themes/groups/css/global/plugins/bootstrap/fonts/bootstrap/glyphicons-halflings-regular.ttf]
[chamasoft.com/templates/admin_themes/groups/css/global/plugins/bootstrap/css/bootstrap.min.css]
[chamasoft.com/templates/admin_themes/groups/css/global/plugins/uniform/images/sprite.png]
[chamasoft.com/templates/admin_themes/groups/css/global/plugins/uniform/css/images/bg-input.html]
[chamasoft.com/templates/admin_themes/groups/css/global/plugins/uniform/css/images/bg-input-focus.html]
[chamasoft.com/templates/admin_themes/groups/css/global/plugins/bootstrap/fonts/bootstrap/glyphicons-halflings-regular.svg]
[chamasoft.com/templates/admin_themes/groups/css/global/plugins/uniform/css/uniform.default.css]
[chamasoft.com/templates/admin_themes/groups/css/global/plugins/bootstrap-datepicker/css/bootstrap-datepicker3.min.css]
[chamasoft.com/templates/admin_themes/groups/css/global/plugins/bootstrap-toastr/toastr.min.css]
[chamasoft.com/templates/admin_themes/groups/css/global/img/remove-icon-small.png]
[chamasoft.com/templates/admin_themes/groups/css/global/img/syncfusion-icons.png]
[chamasoft.com/templates/admin_themes/groups/css/global/img/syncfusion-icons-white.png]
[chamasoft.com/templates/admin_themes/groups/css/global/img/accordion-plusminus.png]
[chamasoft.com/templates/admin_themes/groups/css/global/img/portlet-remove-icon.png]
[chamasoft.com/templates/admin_themes/groups/css/global/img/portlet-config-icon.png]
[chamasoft.com/templates/admin_themes/groups/css/global/img/portlet-reload-icon.png]
[chamasoft.com/templates/admin_themes/groups/css/global/img/portlet-expand-icon.png]
[chamasoft.com/templates/admin_themes/groups/css/global/img/portlet-collapse-icon.png]
[chamasoft.com/templates/admin_themes/groups/css/global/img/portlet-remove-icon-white.png]
[chamasoft.com/templates/admin_themes/groups/css/global/img/portlet-config-icon-white.png]
[chamasoft.com/templates/admin_themes/groups/css/global/img/portlet-reload-icon-white.png]
[chamasoft.com/templates/admin_themes/groups/css/global/img/portlet-expand-icon-white.png]
[chamasoft.com/templates/admin_themes/groups/css/global/img/portlet-collapse-icon-white.png]
[chamasoft.com/templates/admin_themes/groups/css/global/img/social/amazon.png]
[chamasoft.com/templates/admin_themes/groups/css/global/img/social/behance.png]
[chamasoft.com/templates/admin_themes/groups/css/global/img/social/blogger.png]
[chamasoft.com/templates/admin_themes/groups/css/global/img/social/deviantart.png]
[chamasoft.com/templates/admin_themes/groups/css/global/img/social/dribbble.png]
[chamasoft.com/templates/admin_themes/groups/css/global/img/social/dropbox.png]
[chamasoft.com/templates/admin_themes/groups/css/global/img/social/evernote.png]
[chamasoft.com/templates/admin_themes/groups/css/global/img/social/facebook.png]
[chamasoft.com/templates/admin_themes/groups/css/global/img/social/forrst.png]
[chamasoft.com/templates/admin_themes/groups/css/global/img/social/github.png]
[chamasoft.com/templates/admin_themes/groups/css/global/img/social/googleplus.png]
[chamasoft.com/templates/admin_themes/groups/css/global/img/social/picasa.png]
[chamasoft.com/templates/admin_themes/groups/css/global/img/social/pintrest.png]
[chamasoft.com/templates/admin_themes/groups/css/global/img/social/rss.png]
[chamasoft.com/templates/admin_themes/groups/css/global/img/social/skype.png]
[chamasoft.com/templates/admin_themes/groups/css/global/img/social/spotify.png]
[chamasoft.com/templates/admin_themes/groups/css/global/img/social/stumbleupon.png]
[chamasoft.com/templates/admin_themes/groups/css/global/img/social/tumblr.png]
[chamasoft.com/templates/admin_themes/groups/css/global/img/social/twitter.png]
[chamasoft.com/templates/admin_themes/groups/css/global/img/social/vimeo.png]
[chamasoft.com/templates/admin_themes/groups/css/global/img/social/wordpress.png]
[chamasoft.com/templates/admin_themes/groups/css/global/img/social/xing.png]
[chamasoft.com/templates/admin_themes/groups/css/global/img/social/yahoo.png]
[chamasoft.com/templates/admin_themes/groups/css/global/img/social/youtube.png]
[chamasoft.com/templates/admin_themes/groups/css/global/img/social/vk.png]
[chamasoft.com/templates/admin_themes/groups/css/global/img/social/instagram.png]
[chamasoft.com/templates/admin_themes/groups/css/global/img/social/reddit.png]
[chamasoft.com/templates/admin_themes/groups/css/global/img/social/aboutme.png]
[chamasoft.com/templates/admin_themes/groups/css/global/img/social/flickr.png]
[chamasoft.com/templates/admin_themes/groups/css/global/img/social/foursquare.png]
[chamasoft.com/templates/admin_themes/groups/css/global/img/social/gravatar.png]
[chamasoft.com/templates/admin_themes/groups/css/global/img/social/klout.png]
[chamasoft.com/templates/admin_themes/groups/css/global/img/social/myspace.png]
[chamasoft.com/templates/admin_themes/groups/css/global/img/social/quora.png]
[chamasoft.com/templates/admin_themes/groups/css/global/css/components-md.min.css]
[chamasoft.com/templates/admin_themes/groups/css/layouts/layout4/css/layout.min.css]
[chamasoft.com/templates/admin_themes/groups/css/layouts/layout4/img/sidebar-toggle-light.png]
[chamasoft.com/templates/admin_themes/groups/css/layouts/layout4/css/themes/light.min.css]
[chamasoft.com/templates/admin_themes/groups/css/layouts/layout4/css/custom.min.css]
[chamasoft.com/templates/admin_themes/groups/css/global/plugins/select2/css/select2.min.css]
[chamasoft.com/templates/admin_themes/groups/css/global/plugins/select2/css/select2-bootstrap.min.css]
[chamasoft.com/templates/admin_themes/groups/css/apps/css/todo.min.css]
[chamasoft.com/templates/admin_themes/groups/img/portlet-remove-icon-white.png]
[chamasoft.com/templates/admin_themes/groups/img/datatable-row-openclose.png]
[chamasoft.com/templates/admin_themes/groups/plugins/datatables/images/sort_both.html]
[chamasoft.com/templates/admin_themes/groups/plugins/datatables/images/sort_asc.html]
[chamasoft.com/templates/admin_themes/groups/plugins/datatables/images/sort_desc.html]
[chamasoft.com/templates/admin_themes/groups/plugins/datatables/images/sort_asc_disabled.html]
[chamasoft.com/templates/admin_themes/groups/plugins/datatables/images/sort_desc_disabled.html]
[chamasoft.com/templates/admin_themes/groups/css/custom.css]
[chamasoft.com/forgot_password.html]
[chamasoft.com/templates/admin_themes/groups/css/global/plugins/font-awesome/fonts/fontawesome-webfont93e3.svg]
[chamasoft.com/templates/admin_themes/groups/css/global/plugins/simple-line-icons/fonts/Simple-Line-Icons.svg]
[chamasoft.com/templates/admin_themes/groups/css/global/plugins/bootstrap/fonts/bootstrap/glyphicons-halflings-regular.svg]
[chamasoft.com/templates/admin_themes/groups/css/global/plugins/uniform/css/images/bg-input.html]
[chamasoft.com/templates/admin_themes/groups/css/global/plugins/uniform/css/images/bg-input-focus.html]
[chamasoft.com/confirm_code.html]
[chamasoft.com/templates/admin_themes/groups/css/global/img/social/jolicloud.png]
[chamasoft.com/templates/admin_themes/groups/plugins/datatables/images/sort_both.html]
[chamasoft.com/templates/admin_themes/groups/plugins/datatables/images/sort_asc.html]
[chamasoft.com/templates/admin_themes/groups/plugins/datatables/images/sort_desc.html]
[chamasoft.com/templates/admin_themes/groups/plugins/datatables/images/sort_asc_disabled.html]
[chamasoft.com/templates/admin_themes/groups/plugins/datatables/images/sort_desc_disabled.html]
[chamasoft.com/authentication/login.html]
[chamasoft.com/confirm_code.html]
[chamasoft.com/templates/admin_themes/groups/css/global/img/social/linkedin.png]
[chamasoft.com/templates/admin_themes/groups/css/global/img/social/last-fm.png]
[chamasoft.com/authentication/login.html]
